
> rawy---27-jan@0.0.0 build
> vite build

[36mvite v6.4.1 [32mbuilding for production...[36m[39m
transforming...
[32mΓ£ô[39m 581 modules transformed.
rendering chunks...
node.exe : [33m[plugin 
vite:reporter] 
At line:1 char:1
+ & "C:\Program 
Files\nodejs/node.exe" 
"C:\Program 
Files\nodejs/node_mo ...
+ ~~~~~~~~~~~~~~~~~~~~~~~
~~~~~~~~~~~~~~~~~~~~~~~~~
~~~~~~~~~~~~~~~~~~~~~
    + CategoryInfo       
       : NotSpecified:   
  ([33m[plugin vite:r   
 eporter] :String) []    
, RemoteException
    + FullyQualifiedErro 
   rId : NativeCommandE  
  rror
 
(!) C:/Users/s_eme/.gemin
i/antigravity/playground/
pulsing-planetary/utils/s
upabaseClient.ts is 
dynamically imported by C
:/Users/s_eme/.gemini/ant
igravity/playground/pulsi
ng-planetary/services/fil
eService.ts but also 
statically imported by C:
/Users/s_eme/.gemini/anti
gravity/playground/pulsin
g-planetary/services/admi
nService.ts, C:/Users/s_e
me/.gemini/antigravity/pl
ayground/pulsing-planetar
y/services/imageStore.ts,
 C:/Users/s_eme/.gemini/a
ntigravity/playground/pul
sing-planetary/services/p
romptService.ts, dynamic 
import will not move 
module into another 
chunk.
[39m
[33m[plugin 
vite:reporter] 
(!) C:/Users/s_eme/.gemin
i/antigravity/playground/
pulsing-planetary/service
s/fileService.ts is 
dynamically imported by C
:/Users/s_eme/.gemini/ant
igravity/playground/pulsi
ng-planetary/components/C
onfirmationScreen.tsx 
but also statically 
imported by C:/Users/s_em
e/.gemini/antigravity/pla
yground/pulsing-planetary
/components/AdminScreen.t
sx, C:/Users/s_eme/.gemin
i/antigravity/playground/
pulsing-planetary/compone
nts/MainLayout.tsx, C:/Us
ers/s_eme/.gemini/antigra
vity/playground/pulsing-p
lanetary/components/Share
Component.tsx, C:/Users/s
_eme/.gemini/antigravity/
playground/pulsing-planet
ary/components/StitchingS
creen.tsx, dynamic 
import will not move 
module into another 
chunk.
[39m
computing gzip size...
[2mdist/[22m[32mindex.html                         [39m[1m[2m  3.74 kB[22m[1m[22m[2m Γöé gzip:   1.47 kB[22m
[2mdist/[22m[36massets/ShareComponent-CY2LoYKX.js  [39m[1m[2m  3.79 kB[22m[1m[22m[2m Γöé gzip:   1.91 kB[22m
[2mdist/[22m[36massets/index-BZ7cr0me.js           [39m[1m[33m934.72 kB[39m[22m[2m Γöé gzip: 280.60 kB[22m
[33m
(!) Some chunks are 
larger than 500 kB after 
minification. Consider:
- Using dynamic import() 
to code-split the 
application
- Use build.rollupOptions
.output.manualChunks to 
improve chunking: https:/
/rollupjs.org/configurati
on-options/#output-manual
chunks
- Adjust chunk size 
limit for this warning 
via build.chunkSizeWarnin
gLimit.[39m
[32mΓ£ô built in 5.48s[39m
