components/CheckoutScreen.tsx(2,24): error TS6142: Module './Button' was resolved to 'C:/Users/s_eme/.gemini/antigravity/playground/pulsing-planetary/components/Button.tsx', but '--jsx' is not set.
components/CheckoutScreen.tsx(16,3): error TS17004: Cannot use JSX unless the '--jsx' flag is provided.
components/CheckoutScreen.tsx(17,5): error TS17004: Cannot use JSX unless the '--jsx' flag is provided.
components/CheckoutScreen.tsx(22,3): error TS17004: Cannot use JSX unless the '--jsx' flag is provided.
components/CheckoutScreen.tsx(23,5): error TS17004: Cannot use JSX unless the '--jsx' flag is provided.
components/CheckoutScreen.tsx(142,5): error TS17004: Cannot use JSX unless the '--jsx' flag is provided.
components/CheckoutScreen.tsx(143,7): error TS17004: Cannot use JSX unless the '--jsx' flag is provided.
components/CheckoutScreen.tsx(144,9): error TS17004: Cannot use JSX unless the '--jsx' flag is provided.
components/CheckoutScreen.tsx(149,7): error TS17004: Cannot use JSX unless the '--jsx' flag is provided.
components/CheckoutScreen.tsx(150,9): error TS17004: Cannot use JSX unless the '--jsx' flag is provided.
components/CheckoutScreen.tsx(151,9): error TS17004: Cannot use JSX unless the '--jsx' flag is provided.
components/CheckoutScreen.tsx(155,7): error TS17004: Cannot use JSX unless the '--jsx' flag is provided.
components/CheckoutScreen.tsx(169,13): error TS17004: Cannot use JSX unless the '--jsx' flag is provided.
components/CheckoutScreen.tsx(181,17): error TS17004: Cannot use JSX unless the '--jsx' flag is provided.
components/CheckoutScreen.tsx(188,15): error TS17004: Cannot use JSX unless the '--jsx' flag is provided.
components/CheckoutScreen.tsx(189,17): error TS17004: Cannot use JSX unless the '--jsx' flag is provided.
components/CheckoutScreen.tsx(190,17): error TS17004: Cannot use JSX unless the '--jsx' flag is provided.
components/CheckoutScreen.tsx(193,17): error TS17004: Cannot use JSX unless the '--jsx' flag is provided.
components/CheckoutScreen.tsx(199,15): error TS17004: Cannot use JSX unless the '--jsx' flag is provided.
components/CheckoutScreen.tsx(200,17): error TS17004: Cannot use JSX unless the '--jsx' flag is provided.
components/CheckoutScreen.tsx(201,19): error TS17004: Cannot use JSX unless the '--jsx' flag is provided.
components/CheckoutScreen.tsx(204,19): error TS17004: Cannot use JSX unless the '--jsx' flag is provided.
components/CheckoutScreen.tsx(208,17): error TS17004: Cannot use JSX unless the '--jsx' flag is provided.
components/CheckoutScreen.tsx(214,15): error TS17004: Cannot use JSX unless the '--jsx' flag is provided.
components/CheckoutScreen.tsx(216,19): error TS17004: Cannot use JSX unless the '--jsx' flag is provided.
components/CheckoutScreen.tsx(221,21): error TS17004: Cannot use JSX unless the '--jsx' flag is provided.
components/CheckoutScreen.tsx(222,41): error TS17004: Cannot use JSX unless the '--jsx' flag is provided.
components/CheckoutScreen.tsx(222,57): error TS17004: Cannot use JSX unless the '--jsx' flag is provided.
components/CheckoutScreen.tsx(230,15): error TS17004: Cannot use JSX unless the '--jsx' flag is provided.
components/CheckoutScreen.tsx(243,7): error TS17004: Cannot use JSX unless the '--jsx' flag is provided.
components/CheckoutScreen.tsx(244,9): error TS17004: Cannot use JSX unless the '--jsx' flag is provided.
components/CheckoutScreen.tsx(245,11): error TS17004: Cannot use JSX unless the '--jsx' flag is provided.
components/CheckoutScreen.tsx(246,13): error TS17004: Cannot use JSX unless the '--jsx' flag is provided.
components/CheckoutScreen.tsx(247,15): error TS17004: Cannot use JSX unless the '--jsx' flag is provided.
components/CheckoutScreen.tsx(247,129): error TS17004: Cannot use JSX unless the '--jsx' flag is provided.
components/CheckoutScreen.tsx(247,285): error TS17004: Cannot use JSX unless the '--jsx' flag is provided.
components/CheckoutScreen.tsx(250,13): error TS17004: Cannot use JSX unless the '--jsx' flag is provided.
components/CheckoutScreen.tsx(251,15): error TS17004: Cannot use JSX unless the '--jsx' flag is provided.
components/CheckoutScreen.tsx(252,17): error TS17004: Cannot use JSX unless the '--jsx' flag is provided.
components/CheckoutScreen.tsx(253,17): error TS17004: Cannot use JSX unless the '--jsx' flag is provided.
components/CheckoutScreen.tsx(255,15): error TS17004: Cannot use JSX unless the '--jsx' flag is provided.
components/CheckoutScreen.tsx(256,17): error TS17004: Cannot use JSX unless the '--jsx' flag is provided.
components/CheckoutScreen.tsx(257,17): error TS17004: Cannot use JSX unless the '--jsx' flag is provided.
components/CheckoutScreen.tsx(259,15): error TS17004: Cannot use JSX unless the '--jsx' flag is provided.
components/CheckoutScreen.tsx(260,17): error TS17004: Cannot use JSX unless the '--jsx' flag is provided.
components/CheckoutScreen.tsx(261,17): error TS17004: Cannot use JSX unless the '--jsx' flag is provided.
components/CheckoutScreen.tsx(263,15): error TS17004: Cannot use JSX unless the '--jsx' flag is provided.
components/CheckoutScreen.tsx(264,17): error TS17004: Cannot use JSX unless the '--jsx' flag is provided.
components/CheckoutScreen.tsx(265,17): error TS17004: Cannot use JSX unless the '--jsx' flag is provided.
components/CheckoutScreen.tsx(267,15): error TS17004: Cannot use JSX unless the '--jsx' flag is provided.
components/CheckoutScreen.tsx(268,17): error TS17004: Cannot use JSX unless the '--jsx' flag is provided.
components/CheckoutScreen.tsx(269,17): error TS17004: Cannot use JSX unless the '--jsx' flag is provided.
components/CheckoutScreen.tsx(276,9): error TS17004: Cannot use JSX unless the '--jsx' flag is provided.
components/CheckoutScreen.tsx(277,11): error TS17004: Cannot use JSX unless the '--jsx' flag is provided.
components/CheckoutScreen.tsx(278,13): error TS17004: Cannot use JSX unless the '--jsx' flag is provided.
components/CheckoutScreen.tsx(279,15): error TS17004: Cannot use JSX unless the '--jsx' flag is provided.
components/CheckoutScreen.tsx(279,146): error TS17004: Cannot use JSX unless the '--jsx' flag is provided.
components/CheckoutScreen.tsx(283,13): error TS17004: Cannot use JSX unless the '--jsx' flag is provided.
components/CheckoutScreen.tsx(284,15): error TS17004: Cannot use JSX unless the '--jsx' flag is provided.
components/CheckoutScreen.tsx(285,17): error TS17004: Cannot use JSX unless the '--jsx' flag is provided.
components/CheckoutScreen.tsx(286,17): error TS17004: Cannot use JSX unless the '--jsx' flag is provided.
components/CheckoutScreen.tsx(288,15): error TS17004: Cannot use JSX unless the '--jsx' flag is provided.
components/CheckoutScreen.tsx(289,17): error TS17004: Cannot use JSX unless the '--jsx' flag is provided.
components/CheckoutScreen.tsx(290,17): error TS17004: Cannot use JSX unless the '--jsx' flag is provided.
components/CheckoutScreen.tsx(294,15): error TS17004: Cannot use JSX unless the '--jsx' flag is provided.
components/CheckoutScreen.tsx(295,17): error TS17004: Cannot use JSX unless the '--jsx' flag is provided.
components/CheckoutScreen.tsx(296,17): error TS17004: Cannot use JSX unless the '--jsx' flag is provided.
components/CheckoutScreen.tsx(300,13): error TS17004: Cannot use JSX unless the '--jsx' flag is provided.
components/CheckoutScreen.tsx(304,13): error TS17004: Cannot use JSX unless the '--jsx' flag is provided.
components/CheckoutScreen.tsx(305,15): error TS17004: Cannot use JSX unless the '--jsx' flag is provided.
components/CheckoutScreen.tsx(305,129): error TS17004: Cannot use JSX unless the '--jsx' flag is provided.
components/MainLayout.tsx(7,28): error TS6142: Module './LanguageScreen' was resolved to 'C:/Users/s_eme/.gemini/antigravity/playground/pulsing-planetary/components/LanguageScreen.tsx', but '--jsx' is not set.
components/MainLayout.tsx(8,27): error TS6142: Module './WelcomeScreen' was resolved to 'C:/Users/s_eme/.gemini/antigravity/playground/pulsing-planetary/components/WelcomeScreen.tsx', but '--jsx' is not set.
components/MainLayout.tsx(9,35): error TS6142: Module './PersonalizationScreen' was resolved to 'C:/Users/s_eme/.gemini/antigravity/playground/pulsing-planetary/components/PersonalizationScreen.tsx', but '--jsx' is not set.
components/MainLayout.tsx(10,31): error TS6142: Module './StyleChoiceScreen' was resolved to 'C:/Users/s_eme/.gemini/antigravity/playground/pulsing-planetary/components/StyleChoiceScreen.tsx', but '--jsx' is not set.
components/MainLayout.tsx(11,25): error TS6142: Module './ThemeScreen' was resolved to 'C:/Users/s_eme/.gemini/antigravity/playground/pulsing-planetary/components/ThemeScreen.tsx', but '--jsx' is not set.
components/MainLayout.tsx(12,30): error TS6142: Module './GeneratingScreen' was resolved to 'C:/Users/s_eme/.gemini/antigravity/playground/pulsing-planetary/components/GeneratingScreen.tsx', but '--jsx' is not set.
components/MainLayout.tsx(13,41): error TS6142: Module './UnifiedGenerationScreen' was resolved to 'C:/Users/s_eme/.gemini/antigravity/playground/pulsing-planetary/components/UnifiedGenerationScreen.tsx', but '--jsx' is not set.
components/MainLayout.tsx(14,26): error TS6142: Module './EditorScreen' was resolved to 'C:/Users/s_eme/.gemini/antigravity/playground/pulsing-planetary/components/EditorScreen.tsx', but '--jsx' is not set.
components/MainLayout.tsx(15,27): error TS6142: Module './PreviewScreen' was resolved to 'C:/Users/s_eme/.gemini/antigravity/playground/pulsing-planetary/components/PreviewScreen.tsx', but '--jsx' is not set.
components/MainLayout.tsx(16,28): error TS6142: Module './CheckoutScreen' was resolved to 'C:/Users/s_eme/.gemini/antigravity/playground/pulsing-planetary/components/CheckoutScreen.tsx', but '--jsx' is not set.
components/MainLayout.tsx(17,32): error TS6142: Module './ConfirmationScreen' was resolved to 'C:/Users/s_eme/.gemini/antigravity/playground/pulsing-planetary/components/ConfirmationScreen.tsx', but '--jsx' is not set.
components/MainLayout.tsx(18,25): error TS6142: Module './AdminScreen' was resolved to 'C:/Users/s_eme/.gemini/antigravity/playground/pulsing-planetary/components/AdminScreen.tsx', but '--jsx' is not set.
components/MainLayout.tsx(19,20): error TS6142: Module './Header' was resolved to 'C:/Users/s_eme/.gemini/antigravity/playground/pulsing-planetary/components/Header.tsx', but '--jsx' is not set.
components/MainLayout.tsx(20,20): error TS6142: Module './Footer' was resolved to 'C:/Users/s_eme/.gemini/antigravity/playground/pulsing-planetary/components/Footer.tsx', but '--jsx' is not set.
components/MainLayout.tsx(21,29): error TS6142: Module './PageDecorations' was resolved to 'C:/Users/s_eme/.gemini/antigravity/playground/pulsing-planetary/components/PageDecorations.tsx', but '--jsx' is not set.
components/MainLayout.tsx(22,26): error TS6142: Module './PaymentModal' was resolved to 'C:/Users/s_eme/.gemini/antigravity/playground/pulsing-planetary/components/PaymentModal.tsx', but '--jsx' is not set.
components/MainLayout.tsx(23,30): error TS6142: Module './OrderStatusModal' was resolved to 'C:/Users/s_eme/.gemini/antigravity/playground/pulsing-planetary/components/OrderStatusModal.tsx', but '--jsx' is not set.
components/MainLayout.tsx(24,34): error TS6142: Module './StyleSelectionScreen' was resolved to 'C:/Users/s_eme/.gemini/antigravity/playground/pulsing-planetary/components/StyleSelectionScreen.tsx', but '--jsx' is not set.
components/MainLayout.tsx(25,24): error TS6142: Module './SizeScreen' was resolved to 'C:/Users/s_eme/.gemini/antigravity/playground/pulsing-planetary/components/SizeScreen.tsx', but '--jsx' is not set.
components/MainLayout.tsx(26,26): error TS6142: Module '../context/StoryContext' was resolved to 'C:/Users/s_eme/.gemini/antigravity/playground/pulsing-planetary/context/StoryContext.tsx', but '--jsx' is not set.
components/MainLayout.tsx(27,29): error TS6142: Module '../context/WorkflowContext' was resolved to 'C:/Users/s_eme/.gemini/antigravity/playground/pulsing-planetary/context/WorkflowContext.tsx', but '--jsx' is not set.
components/MainLayout.tsx(31,32): error TS6142: Module './PageTransition' was resolved to 'C:/Users/s_eme/.gemini/antigravity/playground/pulsing-planetary/components/PageTransition.tsx', but '--jsx' is not set.
components/MainLayout.tsx(159,27): error TS17004: Cannot use JSX unless the '--jsx' flag is provided.
components/MainLayout.tsx(162,27): error TS17004: Cannot use JSX unless the '--jsx' flag is provided.
components/MainLayout.tsx(165,27): error TS17004: Cannot use JSX unless the '--jsx' flag is provided.
components/MainLayout.tsx(168,27): error TS17004: Cannot use JSX unless the '--jsx' flag is provided.
components/MainLayout.tsx(171,27): error TS17004: Cannot use JSX unless the '--jsx' flag is provided.
components/MainLayout.tsx(188,27): error TS17004: Cannot use JSX unless the '--jsx' flag is provided.
components/MainLayout.tsx(220,27): error TS17004: Cannot use JSX unless the '--jsx' flag is provided.
components/MainLayout.tsx(223,27): error TS17004: Cannot use JSX unless the '--jsx' flag is provided.
components/MainLayout.tsx(226,27): error TS17004: Cannot use JSX unless the '--jsx' flag is provided.
components/MainLayout.tsx(266,27): error TS17004: Cannot use JSX unless the '--jsx' flag is provided.
components/MainLayout.tsx(269,27): error TS17004: Cannot use JSX unless the '--jsx' flag is provided.
components/MainLayout.tsx(312,27): error TS17004: Cannot use JSX unless the '--jsx' flag is provided.
components/MainLayout.tsx(316,13): error TS17004: Cannot use JSX unless the '--jsx' flag is provided.
components/MainLayout.tsx(317,17): error TS17004: Cannot use JSX unless the '--jsx' flag is provided.
components/MainLayout.tsx(325,9): error TS17004: Cannot use JSX unless the '--jsx' flag is provided.
components/MainLayout.tsx(326,13): error TS17004: Cannot use JSX unless the '--jsx' flag is provided.
components/MainLayout.tsx(334,13): error TS17004: Cannot use JSX unless the '--jsx' flag is provided.
components/MainLayout.tsx(335,17): error TS17004: Cannot use JSX unless the '--jsx' flag is provided.
components/MainLayout.tsx(336,17): error TS17004: Cannot use JSX unless the '--jsx' flag is provided.
components/MainLayout.tsx(338,13): error TS17004: Cannot use JSX unless the '--jsx' flag is provided.
components/MainLayout.tsx(339,13): error TS17004: Cannot use JSX unless the '--jsx' flag is provided.
components/MainLayout.tsx(340,13): error TS17004: Cannot use JSX unless the '--jsx' flag is provided.
node_modules/framer-motion/dist/types.d-CQ4vRM6h.d.ts(50,16): error TS2503: Cannot find namespace 'React'.
node_modules/framer-motion/dist/types.d-CQ4vRM6h.d.ts(172,14): error TS2552: Cannot find name 'HTMLWebViewElement'. Did you mean 'HTMLVideoElement'?
node_modules/framer-motion/dist/types.d-CQ4vRM6h.d.ts(208,45): error TS2503: Cannot find namespace 'React'.
node_modules/framer-motion/dist/types/index.d.ts(1,23): error TS2688: Cannot find type definition file for 'react'.
node_modules/framer-motion/dist/types/index.d.ts(238,131): error TS2503: Cannot find namespace 'React'.
node_modules/framer-motion/dist/types/index.d.ts(291,16): error TS2503: Cannot find namespace 'React'.
node_modules/framer-motion/dist/types/index.d.ts(1260,47): error TS2503: Cannot find namespace 'React'.
node_modules/framer-motion/dist/types/index.d.ts(1268,51): error TS2503: Cannot find namespace 'React'.
node_modules/framer-motion/dist/types/index.d.ts(1268,82): error TS2503: Cannot find namespace 'React'.
services/backendApi.ts(1,28): error TS1343: The 'import.meta' meta-property is only allowed when the '--module' option is 'es2020', 'es2022', 'esnext', 'system', 'node16', 'node18', or 'nodenext'.
services/backendApi.ts(1,40): error TS2339: Property 'env' does not exist on type 'ImportMeta'.
services/fileService.ts(5,8): error TS2613: Module '"C:/Users/s_eme/.gemini/antigravity/playground/pulsing-planetary/node_modules/@types/qrcode/index"' has no default export. Did you mean to use 'import { QRCode } from "C:/Users/s_eme/.gemini/antigravity/playground/pulsing-planetary/node_modules/@types/qrcode/index"' instead?
services/fileService.ts(19,8): error TS1259: Module '"C:/Users/s_eme/.gemini/antigravity/playground/pulsing-planetary/node_modules/jszip/index"' can only be default-imported using the 'esModuleInterop' flag
utils/supabaseClient.ts(4,21): error TS1343: The 'import.meta' meta-property is only allowed when the '--module' option is 'es2020', 'es2022', 'esnext', 'system', 'node16', 'node18', or 'nodenext'.
utils/supabaseClient.ts(4,33): error TS2339: Property 'env' does not exist on type 'ImportMeta'.
utils/supabaseClient.ts(5,25): error TS1343: The 'import.meta' meta-property is only allowed when the '--module' option is 'es2020', 'es2022', 'esnext', 'system', 'node16', 'node18', or 'nodenext'.
utils/supabaseClient.ts(5,37): error TS2339: Property 'env' does not exist on type 'ImportMeta'.
